./fixtures/basic_reporter.js newFunc (Public)
Name:         newFunc                                                      
Class:        false                                                        
Arg Count:    2                                                            
Arg Name:     param1                                                       
Arg Name:     param2                                                       
Arg Optional: Add (optional) to param2                                     
Return:       true                                                         
Examples:     Missing                  Add `## Examples` to public methods 

./fixtures/basic_reporter.js anotherFun
Function on line 13 is missing documentation.

./fixtures/basic_reporter.js Poop.constructor (Public)
Name:      constructor  
Class:     Poop         
Arg Count: 1            
Arg Name:  test         
Return:    false        
Examples:  1            

./fixtures/basic_reporter.js newVarFunction
Function on line 37 is missing documentation.

./fixtures/basic_reporter.js objectFunction (Public)
Name:      objectFunction                                     
Class:     false                                              
Arg Count: 3                                                  
Arg Name:  node           dumb                                
Arg Name:  arr                                                
Arg Name:  returnsArr                                         
Return:    false                                              
Examples:  Missing        Add `## Examples` to public methods
