./fixtures/basic_reporter.js newFunc (Public)
Arg Optional: Add (optional) to param2                                     
Examples:     Missing                  Add `## Examples` to public methods 

./fixtures/basic_reporter.js anotherFun
Function on line 13 is missing documentation.

No missing AtomDocs in ./fixtures/basic_reporter.js
./fixtures/basic_reporter.js newVarFunction
Function on line 37 is missing documentation.

./fixtures/basic_reporter.js objectFunction (Public)
Arg Name: node    dumb                                
Examples: Missing Add `## Examples` to public methods