[
  {
    "originalText": "Private: If `node.type` is `Identifier` this function returns the type of the parent node.\n\n* `node` {Object} Spidermonkey AST node.\n\nReturns {String} the Spidermonkey node type.",
    "visibility": "Private",
    "description": "If `node.type` is `Identifier` this function returns the type of the parent node.",
    "summary": "If `node.type` is `Identifier` this function returns the type of the parent node.",
    "arguments": [
      {
        "name": "node",
        "description": "{Object} Spidermonkey AST node.",
        "type": "Object",
        "isOptional": false
      }
    ],
    "returnValues": [
      {
        "type": "String",
        "description": "Returns {String} the Spidermonkey node type."
      }
    ],
    "start": 0,
    "end": 202,
    "name": "_getNodeType"
  },
  {
    "originalText": "Private: Checks `node.type` to see if it is a function node.\n\n* `node` {Object} Spidermonkey AST node\n\nReturns {Boolean} if it is a function node.",
    "visibility": "Private",
    "description": "Checks `node.type` to see if it is a function node.",
    "summary": "Checks `node.type` to see if it is a function node.",
    "arguments": [
      {
        "name": "node",
        "description": "{Object} Spidermonkey AST node",
        "type": "Object",
        "isOptional": false
      }
    ],
    "returnValues": [
      {
        "type": "Boolean",
        "description": "Returns {Boolean} if it is a function node."
      }
    ],
    "start": 306,
    "end": 476,
    "name": "_nodeTest"
  }
]
