./test/fixtures/param-context-matching.js g (Public) line 31
Nested Params:
Arg Name:      str name

./test/fixtures/param-context-matching.js i (Public) line 48
Nested Params:
Arg Optional:  Missing Add (optional) to val