[{
    "originalText": "Public: simple sample funtion.\n\n* `arguments` {Object}\n  * `str` {String} the name\n  * `val` (optional) {Number} some number\n\n## Examples\n\n```js\nh({ str: \"bar\", val: 42 });\n```",
    "visibility": "Public",
    "description": "simple sample funtion.",
    "summary": "simple sample funtion.",
    "arguments": [{
      "children": [{
          "name": "str",
          "description": "{String} the name",
          "type": "String",
          "isOptional": false
        },
        {
          "name": "val",
          "description": "{Number} some number",
          "type": "Number",
          "isOptional": true
        }
      ],
      "name": "arguments",
      "description": "{Object}",
      "type": "Object",
      "isOptional": false
    }],
    "examples": [{
      "description": "",
      "lang": "js",
      "code": "h({ str: \"bar\", val: 42 });",
      "raw": "```js\nh({ str: \"bar\", val: 42 });\n```"
    }],
    "start": 0,
    "end": 222,
    "className": false,
    "name": "h",
    "definitionLine": 14
  },
  {
    "originalText": "Public: simple sample funtion.\n\n* `arguments` {Object}\n  * `name` {String} the name\n  * `val` (optional) {Number} some number\n\n## Examples\n\n```js\nh({ str: \"bar\", val: 42 });\n```",
    "visibility": "Public",
    "description": "simple sample funtion.",
    "summary": "simple sample funtion.",
    "arguments": [{
      "children": [{
          "name": "name",
          "description": "{String} the name",
          "type": "String",
          "isOptional": false
        },
        {
          "name": "val",
          "description": "{Number} some number",
          "type": "Number",
          "isOptional": true
        }
      ],
      "name": "arguments",
      "description": "{Object}",
      "type": "Object",
      "isOptional": false
    }],
    "examples": [{
      "description": "",
      "lang": "js",
      "code": "h({ str: \"bar\", val: 42 });",
      "raw": "```js\nh({ str: \"bar\", val: 42 });\n```"
    }],
    "start": 283,
    "end": 506,
    "className": false,
    "name": "g",
    "definitionLine": 31
  },
  {
    "originalText": "Public: simple sample funtion.\n\n* `arguments` {Object}\n  * `str` {String} the name\n  * `val` {Number} some number\n\n## Examples\n\n```js\nh({ str: \"bar\", val: 42 });\n```",
    "visibility": "Public",
    "description": "simple sample funtion.",
    "summary": "simple sample funtion.",
    "arguments": [{
      "children": [{
          "name": "str",
          "description": "{String} the name",
          "type": "String",
          "isOptional": false
        },
        {
          "name": "val",
          "description": "{Number} some number",
          "type": "Number",
          "isOptional": false
        }
      ],
      "name": "arguments",
      "description": "{Object}",
      "type": "Object",
      "isOptional": false
    }],
    "examples": [{
      "description": "",
      "lang": "js",
      "code": "h({ str: \"bar\", val: 42 });",
      "raw": "```js\nh({ str: \"bar\", val: 42 });\n```"
    }],
    "start": 567,
    "end": 778,
    "className": false,
    "name": "i",
    "definitionLine": 48
  },
  {
    "originalText": "Public: simple sample funtion.\n\n* `arguments` {Object}\n  * `str` {String} the name\n\n## Examples\n\n```js\nj({ str: \"bar\", val: 42 });\n```",
    "visibility": "Public",
    "description": "simple sample funtion.",
    "summary": "simple sample funtion.",
    "arguments": [{
      "children": [{
        "name": "str",
        "description": "{String} the name",
        "type": "String",
        "isOptional": false
      }],
      "name": "arguments",
      "description": "{Object}",
      "type": "Object",
      "isOptional": false
    }],
    "examples": [{
      "description": "",
      "lang": "js",
      "code": "j({ str: \"bar\", val: 42 });",
      "raw": "```js\nj({ str: \"bar\", val: 42 });\n```"
    }],
    "start": 838,
    "end": 1014,
    "className": false,
    "name": "j",
    "definitionLine": 63
  }
]
